<html>
<head>
  <title>Local Title</title>
  <meta name="description" content="Global description.">
</head>
<body>one</body>
<html>