<html>
<head>
  <title>Global Title</title>
  <meta name="description" content="Global description.">
</head>
<body>two</body>
<html>